// Jest Snapshot v1, https://goo.gl/fbAQLP

exports[`Menu Deve renderizar corretamente 1`] = `
ShallowWrapper {
  "length": 1,
  Symbol(enzyme.__root__): [Circular],
  Symbol(enzyme.__unrendered__): <Menu>
    <withRouter(Item)
        match={
            Object {
                "path": "/",
              }
        }
        title="Home"
        to="/"
    />
    <withRouter(Item)
        match={
            Object {
                "path": "/",
              }
        }
        number={10}
        title="Total"
        to="/"
    />
</Menu>,
  Symbol(enzyme.__renderer__): Object {
    "batchedUpdates": [Function],
    "getNode": [Function],
    "render": [Function],
    "simulateEvent": [Function],
    "unmount": [Function],
  },
  Symbol(enzyme.__node__): Object {
    "instance": null,
    "key": undefined,
    "nodeType": "host",
    "props": Object {
      "children": <ul>
        <withRouter(Item)
                match={
                        Object {
                                "path": "/",
                              }
                }
                title="Home"
                to="/"
        />
        <withRouter(Item)
                match={
                        Object {
                                "path": "/",
                              }
                }
                number={10}
                title="Total"
                to="/"
        />
</ul>,
    },
    "ref": null,
    "rendered": Object {
      "instance": null,
      "key": undefined,
      "nodeType": "host",
      "props": Object {
        "children": Array [
          <withRouter(Item)
            match={
                        Object {
                                    "path": "/",
                                  }
            }
            title="Home"
            to="/"
/>,
          <withRouter(Item)
            match={
                        Object {
                                    "path": "/",
                                  }
            }
            number={10}
            title="Total"
            to="/"
/>,
        ],
      },
      "ref": null,
      "rendered": Array [
        Object {
          "instance": null,
          "key": undefined,
          "nodeType": "function",
          "props": Object {
            "match": Object {
              "path": "/",
            },
            "title": "Home",
            "to": "/",
          },
          "ref": null,
          "rendered": null,
          "type": [Function],
        },
        Object {
          "instance": null,
          "key": undefined,
          "nodeType": "function",
          "props": Object {
            "match": Object {
              "path": "/",
            },
            "number": 10,
            "title": "Total",
            "to": "/",
          },
          "ref": null,
          "rendered": null,
          "type": [Function],
        },
      ],
      "type": "ul",
    },
    "type": "nav",
  },
  Symbol(enzyme.__nodes__): Array [
    Object {
      "instance": null,
      "key": undefined,
      "nodeType": "host",
      "props": Object {
        "children": <ul>
          <withRouter(Item)
                    match={
                              Object {
                                        "path": "/",
                                      }
                    }
                    title="Home"
                    to="/"
          />
          <withRouter(Item)
                    match={
                              Object {
                                        "path": "/",
                                      }
                    }
                    number={10}
                    title="Total"
                    to="/"
          />
</ul>,
      },
      "ref": null,
      "rendered": Object {
        "instance": null,
        "key": undefined,
        "nodeType": "host",
        "props": Object {
          "children": Array [
            <withRouter(Item)
              match={
                            Object {
                                          "path": "/",
                                        }
              }
              title="Home"
              to="/"
/>,
            <withRouter(Item)
              match={
                            Object {
                                          "path": "/",
                                        }
              }
              number={10}
              title="Total"
              to="/"
/>,
          ],
        },
        "ref": null,
        "rendered": Array [
          Object {
            "instance": null,
            "key": undefined,
            "nodeType": "function",
            "props": Object {
              "match": Object {
                "path": "/",
              },
              "title": "Home",
              "to": "/",
            },
            "ref": null,
            "rendered": null,
            "type": [Function],
          },
          Object {
            "instance": null,
            "key": undefined,
            "nodeType": "function",
            "props": Object {
              "match": Object {
                "path": "/",
              },
              "number": 10,
              "title": "Total",
              "to": "/",
            },
            "ref": null,
            "rendered": null,
            "type": [Function],
          },
        ],
        "type": "ul",
      },
      "type": "nav",
    },
  ],
  Symbol(enzyme.__options__): Object {
    "adapter": ReactSixteenAdapter {
      "options": Object {
        "enableComponentDidUpdateOnSetState": true,
      },
    },
  },
}
`;
