// Jest Snapshot v1, https://goo.gl/fbAQLP

exports[`PageTemplate Deve renderizar corretamente 1`] = `
ShallowWrapper {
  "length": 1,
  Symbol(enzyme.__root__): [Circular],
  Symbol(enzyme.__unrendered__): <PageTemplate>
    <h1>
        Hello World
    </h1>
</PageTemplate>,
  Symbol(enzyme.__renderer__): Object {
    "batchedUpdates": [Function],
    "getNode": [Function],
    "render": [Function],
    "simulateEvent": [Function],
    "unmount": [Function],
  },
  Symbol(enzyme.__node__): Object {
    "instance": null,
    "key": undefined,
    "nodeType": "host",
    "props": Object {
      "children": Array [
        <Connect(withRouter(Header)) />,
        <main>
          <h1>
                    Hello World
          </h1>
</main>,
        <Connect(ReduxToastr)
          newestOnTop={false}
          position="top-right"
          preventDuplicates={true}
          progressBar={true}
          timeOut={3500}
          transitionIn="fadeIn"
          transitionOut="fadeOut"
/>,
      ],
      "className": "container",
    },
    "ref": null,
    "rendered": Array [
      Object {
        "instance": null,
        "key": undefined,
        "nodeType": "class",
        "props": Object {},
        "ref": null,
        "rendered": null,
        "type": [Function],
      },
      Object {
        "instance": null,
        "key": undefined,
        "nodeType": "host",
        "props": Object {
          "children": <h1>
            Hello World
</h1>,
        },
        "ref": null,
        "rendered": Object {
          "instance": null,
          "key": undefined,
          "nodeType": "host",
          "props": Object {
            "children": "Hello World",
          },
          "ref": null,
          "rendered": "Hello World",
          "type": "h1",
        },
        "type": "main",
      },
      Object {
        "instance": null,
        "key": undefined,
        "nodeType": "class",
        "props": Object {
          "newestOnTop": false,
          "position": "top-right",
          "preventDuplicates": true,
          "progressBar": true,
          "timeOut": 3500,
          "transitionIn": "fadeIn",
          "transitionOut": "fadeOut",
        },
        "ref": null,
        "rendered": null,
        "type": [Function],
      },
    ],
    "type": "div",
  },
  Symbol(enzyme.__nodes__): Array [
    Object {
      "instance": null,
      "key": undefined,
      "nodeType": "host",
      "props": Object {
        "children": Array [
          <Connect(withRouter(Header)) />,
          <main>
            <h1>
                        Hello World
            </h1>
</main>,
          <Connect(ReduxToastr)
            newestOnTop={false}
            position="top-right"
            preventDuplicates={true}
            progressBar={true}
            timeOut={3500}
            transitionIn="fadeIn"
            transitionOut="fadeOut"
/>,
        ],
        "className": "container",
      },
      "ref": null,
      "rendered": Array [
        Object {
          "instance": null,
          "key": undefined,
          "nodeType": "class",
          "props": Object {},
          "ref": null,
          "rendered": null,
          "type": [Function],
        },
        Object {
          "instance": null,
          "key": undefined,
          "nodeType": "host",
          "props": Object {
            "children": <h1>
              Hello World
</h1>,
          },
          "ref": null,
          "rendered": Object {
            "instance": null,
            "key": undefined,
            "nodeType": "host",
            "props": Object {
              "children": "Hello World",
            },
            "ref": null,
            "rendered": "Hello World",
            "type": "h1",
          },
          "type": "main",
        },
        Object {
          "instance": null,
          "key": undefined,
          "nodeType": "class",
          "props": Object {
            "newestOnTop": false,
            "position": "top-right",
            "preventDuplicates": true,
            "progressBar": true,
            "timeOut": 3500,
            "transitionIn": "fadeIn",
            "transitionOut": "fadeOut",
          },
          "ref": null,
          "rendered": null,
          "type": [Function],
        },
      ],
      "type": "div",
    },
  ],
  Symbol(enzyme.__options__): Object {
    "adapter": ReactSixteenAdapter {
      "options": Object {
        "enableComponentDidUpdateOnSetState": true,
      },
    },
  },
}
`;
